{"extends":"java.lang.Object","object":"Class","name":"MainKt","modifiers":["public","final"],"content":[{"object":"Method","name":"main","modifiers":["public","static","final"],"content":[{"object":"Variable","name":"$r0","type":{"identifier":"java.lang.AssertionError","dimensions":0}},{"object":"Variable","name":"$z0","type":{"identifier":"boolean","dimensions":0}},{"object":"SetVariable","name":"$z0","value":{"expr_type":"field_access","from":"kotlin._Assertions","type":{"identifier":"boolean","dimensions":0},"field":"ENABLED"}},{"goto":"label1","object":"If","expression":{"rhs":{"expr_type":"constant","value":"0"},"operator":"==","expr_type":"binop","lhs":{"expr_type":"symbol","value":"$z0"}}},{"object":"SetVariable","name":"$r0","value":{"expr_type":"new","type":{"identifier":"java.lang.AssertionError","dimensions":0}}},{"base_class":"java.lang.AssertionError","parameter_type":[{"identifier":"java.lang.Object","dimensions":0}],"object":"SpecialInvoke","method":"<init>","variable":"$r0","parameters":[]},{"expr":{"expr_type":"symbol","value":"$r0"},"object":"Throw"},{"label_id":"label1","object":"Label","content":[]},{"object":"Return"}],"type":{"identifier":"void","dimensions":0},"parameters":[]},{"object":"Method","name":"main","modifiers":["public","static"],"content":[{"object":"Variable","name":"r0","type":{"identifier":"java.lang.String","dimensions":1}},{"object":"SetVariable","name":"r0","value":{"to":{"identifier":"java.lang.String","dimensions":1},"expr_type":"cast","from":{"expr_type":"symbol","value":"@parameter0"}}},{"base_class":"MainKt","object":"StaticInvoke","method":"main","parameters":[]},{"object":"Return"}],"type":{"identifier":"void","dimensions":0},"parameters":[{"identifier":"java.lang.String","dimensions":1}]}]}